Schaatsers waarvoor geen ID kon worden gevonden:
================================================
A'Gota_Toth (HUN)
Abylaikhan_Kaiyrgazy (KAZ)
Afonso Henrique Pestana_Silva (POR)
Aizada_Rymbek (KAZ)
Aleksandr_Klenko (KAZ)
Aleksandra_Kachurkina (RUS)
Aleksey_Bondarchuk (KAZ)
Aleksey_Suvorov (RUS)
Alemasi_Kahanbai (CHN)
Alexandr_Chizhikov (KAZ)
Alexandra_Ianculescu (ROU)
Alexandra_Kravchenko (RUS)
Altaj_Zjardembekuly (KAZ)
Amarzaya_Bayarmagnai (MGL)
Anastasia_Korkina (RUS)
Anastasiia_Grigoreva (RSU)
Anastasiia_Grigoreva (RUS)
Anastasiia_Semenova (RUS)
Anastasiia_Zueva (RUS)
Anastasija_Belovodova (KAZ)
Anastasiya_Vorontsova (RUS)
Andreea_Nastasache (ROU)
Andrey_Burlyayev (RUS)
Andrey_Zuyev (KAZ)
Anna_Kovaleva (BLR)
Anna_Vashkene (RUS)
Anna_Yurakova (RUS)
Antoinette_Rijpma-De_Jong (NED)
Anton_Iliyshenka (BLR)
António Morgado_Piteira (POR)
Artem_Arefyev (ROC)
Artem_Arefyev (RSU)
Artem_Arefyev (RUS)
Artur_Was (POL)
Asier Pena_Iturrria (ESP)
Ayano_Sato (JPN)
Beata_Orosz (HUN)
Bendik_Becker_Pedersen (NOR)
Bente_Kraus (GER)
Bob_de_Jong (NED)
Bob_de_Vries (NED)
Byeonghun_Lee (KOR)
Chaerin_Kim (KOR)
Chaoyu_Wang (CHN)
Chen_Wang (CHN)
Chenyu_Li (CHN)
Cheolmin_Kim (KOR)
Cho-Weon_Park (KOR)
Christoffer_Fagerli_Rukke (NOR)
Christopher_Needham (USA)
Chuanyi_Sun (CHN)
Claudia_Wallin (SWE)
Colin_Duivenvoorden (NED)
Dai Dai_Ntab (NED)
Dan_Li (CHN)
Daniil_Naidenyshev (RUS)
Danil_Smirnov (RUS)
Danila_Semerikov (RUS)
Daria_Pavlova (RUS)
Darja_Vazhenina (KAZ)
Diana Natalia_Szasz (ROU)
Diana-Andreea_Nastasache (ROU)
Dmitriy_Ossipenko (KAZ)
Dmitry_Lobkov (RUS)
Dmitry_Obaturov (KAZ)
Dmitry_Viskovsky (BLR)
Do Hyung_Lee (KOR)
Do-Young_Park (KOR)
Dong Hee_Kim (KOR)
Dong Woo_Kim (KOR)
Dongsheng_Yang (CHN)
Douwe_de_Vries (NED)
Ekaterina_Sloeva (BLR)
Elanne_de_Vries (NED)
Elena Møller_Rigas (DEN)
Eliska_Drimalova (CZE)
Elizaveta_Golubeva (RUS)
Elma_de_Vries (NED)
Emmanuelle_Cote (CAN)
Enkhzul_Gankhuyag (MGL)
Enxue_Chen (CHN)
Esmee_Visser (NED)
Eun-Seo_Kim (KOR)
Even_Johansen (NOR)
Evgeniy_Bolgov (BLR)
Fabian_Dieterle (HUN)
Fan_Yang (CHN)
Fangyi_Liu (CHN)
Fei_Wang (CHN)
Feitong_Liu (CHN)
Fengtong_Yu (CHN)
Francisca Gomes_Henriques (POR)
Fu_Xu (CHN)
Gereltuya_Battulga (MGL)
Giovanni_Trebouta (FRA)
Gretha_Smit (NED)
Guoqiang_Zhang (CHN)
Guowei_Yang (CHN)
Hae Young_Lee (KOR)
Hanahati_Muhamaiti (CHN)
Hanbin_Liu (CHN)
Hanna_Biró (HUN)
Hanna_Nifantava (BLR)
Haotian_Wang (CHN)
Harm_Visser (NED)
Hee-Jin_Kim (KOR)
Hee_Won_Son (CAN)
Helan_Yeertai (CHN)
Herb_Harbison (USA)
Hong-Sun_Ha (KOR)
Hong_Zhang (CHN)
Hongli_Wang (CHN)
Hongyu_Cui (CHN)
Huawei_Li (CHN)
Hyeong-Joon_Joo (KOR)
Hyun-Jun_Ahn (KOR)
Hyun-Yung_Kim (KOR)
Hyunsun_Hwang (KOR)
Ignacio_Moran (ESP)
Ilia_Nikulin (RUS)
Indra_Medard (BEL)
Inge Anne_Vasaasen (NOR)
Ingeborg_Kroon (NED)
Irene_Schouten (NED)
Irina_Kuznetsova (RUS)
Issei_Matsumoto (JPN)
Ivan_Roldán_Ferrer (ESP)
Jacques_de_Koning (NED)
Jan_Bos (NED)
Jan_Cafkisch (SUI)
Jan_Swiatek (POL)
Janine_Smit (NED)
Jeffery_Swider-Peltz (USA)
Jein_Lee (KOR)
Jennifer Alexa_Caicedo (ARG)
Jeong-Su_Seo (KOR)
Ji-Woo_Park (KOR)
Jiafan_Zhu (CHN)
Jialiang_Han (CHN)
Jianlu_Wang (CHN)
Jiarong_Zhou (CHN)
Jiawei_Yu (CHN)
Jie_Yang (CHN)
Jildou_Hoekstra (NED)
Jin-Su_Kim (KOR)
Jin-Yeong_Lee (KOR)
Jinensibieke_Yeerdana (CHN)
Jing_Liu (CHN)
Jing_Yu (CHN)
Jingyi_Wang (CHN)
Jingzhu_Jin (CHN)
Jingziqian_Wang (CHN)
Jinjin_Xu (CHN)
Joji_Kato (JPN)
Jong-Woo_Lee (KOR)
Joon_Mun (KOR)
Joonsoo_Noh (KOR)
Jos_de_Vos (NED)
Joshua_Wood (USA)
Jouke_Hoogeveen (NED)
João Afonso Calado_Dias (POR)
Ju-Youn_Lee (KOR)
Julia_De_Vos (BRA)
Jun Hyeong_Park (KOR)
Jun-Ho_Kim (KOR)
Jung Min_Yoon (KOR)
Jung-Soo_Lim (KOR)
Junzhi_Zhang (CHN)
Kai_In_'t_Veld (NED)
Kang-Seok_Lee (KOR)
Karolina_Gasecka (POL)
Karolina_Ksyt (POL)
Katarzyna_Wozniak (POL)
Kayo_Vos (NED)
Kazuya_Yamada (JPN)
Kento_Nakamura (JPN)
Kerry_Simpson-Dankers (CAN)
Ki-Ho_Lee (KOR)
Koen_Verweij (NED)
Konstantin_Nikitin (RUS)
Kota_Kikuchi (JPN)
Kristian Reistad_Frederiksen (NOR)
Kristina_Tsybina (RUS)
Kristsina_Burmistrava (BLR)
Kseniia_Korzhova (RUS)
Kunhyu_An (KOR)
Kwun-Won_Choi (KOR)
Kyou-Hyuk_Lee (KOR)
Kyoungju_Kim (KOR)
Kyungrae_Kim (KOR)
Lan_Huang (CHN)
Laura Isabel_Gomez_Quintero (COL)
Leewon_Lim (KOR)
Leia Marie_Behlau (GER)
Leming_Li (CHN)
Leonor Almodôvar_Ladeira (POR)
Letitia_de_Jong (NED)
Lex_Dijkstra (NED)
Lieke_Hoogendoorn (NED)
Lina_Zhang (CHN)
Linda_de_Vries (NED)
Lisa_van_der_Geest (NED)
Lisette_van_der_Geest (NED)
Longjiang_Sun (CHN)
Lotte_van_Beek (NED)
Lova Nystrøm_Eliasson (SWE)
Lu_Zhang (CHN)
Lucille_Opitz (GER)
Luiza_Zlotkowska (POL)
Lukas_Stekly (SVK)
Lukáš_Steklý (CZE)
Maaike_Verweij (NED)
Magnus Normann_Jeppesen (DEN)
Mai_Abe (JPN)
Mai_Yamada (JPN)
Manato_Sato (JPN)
Marco António Abreu_Lira (POR)
Margot_Boer (NED)
Marianne_Timmer (NED)
Marija_Degen (KAZ)
Marijke_Groenewoud (NED)
Marina_Avtonomova (RUS)
Marita_Johansson (SWE)
Marius_Paraschivoiu (ROU)
Martim José Coelho_Vieira (POR)
Marwin_Talsma (NED)
Masaya_Yamada (JPN)
Mats_Van_Den_Bos (NED)
Matthew_Mclean (CAN)
Matthew_Plummer (USA)
Maxim_Sharapov (RUS)
Mayon_Kuipers (NED)
Mei_Han (CHN)
Meike_Veen (NED)
Meng_Xu (CHN)
Mi_Jang (KOR)
Michel_Mulder (NED)
Michelle_De_Jong (NED)
Michiel_De_Groot (NED)
Mika_van_Essen (NED)
Mikhail_Gluchshenko (KAZ)
Mikhail_Kotsjnev (RUS)
Mikolaj_Jablonski (POL)
Milan_Sablik (CZE)
Min Hui_Kim (KOR)
Min Jee_Lee (KOR)
Min-Jee_Oh (KOR)
Min-Ji_Kim (KOR)
Min-Jo_Kim (KOR)
Min-Sun_Kim (KOR)
Mio_Kuroiwa (JPN)
Mio_Takahashi (JPN)
Motoki_Abe (JPN)
Moyuan_Xu (CHN)
Myrthe_De_Boer (NED)
Na-Hyun_Lee (KOR)
Nan_Sun (CHN)
Nan_Wang (CHN)
Nana_Takahashi (JPN)
Nanako_Tanaka (JPN)
Naomi_Verkerk (NED)
Nene_Sakai (JPN)
Nichika_Endo (JPN)
Nicole_Constantinescu (ROU)
Nikita_Yevteyev (RUS)
Nikolai_Trusov (RUS)
Noël_Müller (GER)
Oskar_Nilsson (SWE)
Patricia_Koot (NED)
Patrick_Roest (NED)
Paulien_Verhaar (NED)
Pauline Lysø_Olsen (NOR)
Pavel_Baynov (RUS)
Pavel_Kiiashko (RUS)
Peiyu_Jin (CHN)
Peng_Xu (CHN)
Philip Due_Schmidt (DEN)
Pia_Kirsakal (GER)
Pien_Smit (NED)
Pim_Schipper (NED)
Polina_Polukarova (BLR)
Qi_Yin (CHN)
Qiang_Guo (CHN)
Qiang_Wang (CHN)
Qingqing_Feng (CHN)
Qishi_Li (CHN)
Qiuming_Bai (CHN)
Razvan_Militaru (ROU)
Rehati_Baoerjiang (CHN)
Reidar_Borgersen (NOR)
Reika_Shimizu (JPN)
Reina_Anema (NED)
Remco_Stam (NED)
Renz_Rotteveel (NED)
Riki_Hayashi (JPN)
Riku_Tsuchiya (JPN)
Rio_Yamada (JPN)
Risa_Takayama (JPN)
Rixt_Meijer (NED)
Robin_Groot (NED)
Roland_Cieslak (POL)
Roman_Binozarov (KAZ)
Ronald_Mulder (NED)
Rosalie_Van_Vliet (NED)
Roxana_Manolache (ROU)
Rui_Wang (CHN)
Ruining_Tian (CHN)
Ruslan_Zakharov (ROC)
Ruslan_Zakharov (RSU)
Ruslan_Zakharov (RUS)
Ruslan_Zjanadilov (KAZ)
Ryo_Yamaguchi (JPN)
Ryosuke_Tsuchiya (JPN)
Ryota_Kojima (JPN)
Samuel_Deckert (CAN)
Samuel_Schwarz (GER)
Sander_Mikkelsen (NOR)
Sang-Eon_Park (KOR)
Sang-Hwa_Lee (KOR)
Sanghun_Oh (KOR)
Sanne_van_der_Star (NED)
Se-Jin_Park (KOR)
Sebastian_Diniz (NED)
Sebastian_Klosinski (POL)
Sebastian_Richter (GER)
Seika_Sasaki (JPN)
Seohyeon_Kim (KOR)
Seojin_Jang (KOR)
Seon Kyo_Jeong (KOR)
Seong-Kyu_Kim (KOR)
Seonghyeon_Park (KOR)
Seonung_Shin (KOR)
Sergei_Bukuev (RUS)
Sergei_Loginov (RUS)
Sergei_Trofimov (ROC)
Sergey_Chadayev (RUS)
Sergey_Trofimov (RSU)
Sergey_Trofimov (RUS)
Seung-Heun_Shin (KOR)
Seung-Hi_Park (KOR)
Seung-Hoon_Lee (KOR)
Seung-Hyun_Lee (KOR)
Seung-Ju_Park (KOR)
Seung-Kyum_Kim (KOR)
Shaohan_Zhang (CHN)
Shihui_Yu (CHN)
Shiwei_Wang (CHN)
Shiyi_Qu (CHN)
Shohgo_Takamisawa (JPN)
Shomu_Sasaki (JPN)
Shota_Nakamura (JPN)
Shuaihan_Wang (CHN)
Shuang_Li (CHN)
Shuang_Zhang (CHN)
Shunsuke_Nakamura (JPN)
Sigurd_Henriksen (NOR)
Sil_Van_Der_Veen (NED)
Simen Spieler_Nilsen (NOR)
Simon_Kuipers (NED)
Simon_Schouten (NED)
Sindre_Henriksen (NOR)
Sining_Yang (CHN)
Sjoerd_de_Vries (NED)
So_Kikuhara (JPN)
Sofia_Schilder (NED)
Sofie Karoline_Haugen (NOR)
Soichiro_Kumagai (JPN)
Sol_Lee (KOR)
Song_Wang (CHN)
Soo Jin_Park (KOR)
Soo-Min_Kang (KOR)
Soo-Yeon_Lee (KOR)
Sota_Kubo (JPN)
Stefan Due_Schmidt (DEN)
Stefan_Neumiarzhytski (BLR)
Stein_De_Wit (NED)
Sterre_Jonkers (NED)
Sumire_Kikuchi (JPN)
Sung-Kyu_Kim (KOR)
Sungmin_Hwang (KOR)
Sungyun_Park (KOR)
Sven_Kramer (NED)
Sverre Lunde_Pedersen (NOR)
Sára_Hluskova (CZE)
Tadashi_Obara (JPN)
Tae-Yun_Kim (KOR)
Taiga_Sasaki (JPN)
Taishi_Yamamoto (JPN)
Takaharu_Nakajima (JPN)
Takahiro_Ito (JPN)
Takuma_Hayashi (JPN)
Takuro_Ogawa (JPN)
Takuya_Goto (JPN)
Tao_Yang (CHN)
Taro_Kondo (JPN)
Tatiana_Ushakova (RUS)
Tatyana_Klimchuk (KAZ)
Tatyana_Mikhailova (BLR)
Tenkai_Sato (JPN)
Teppei_Mori (JPN)
Teun_de_Wit (NED)
Thomas_Andreassen (NOR)
Thomas_Krol (NED)
Thomas_Søfteland (NOR)
Tianlong_Li (CHN)
Tijmen_Snel (NED)
Timofey_Skopin (RUS)
Tingyu_Gao (CHN)
Tjerk_de_Boer (NED)
Tobias_Schneider (GER)
Tomoya_Watanabe (JPN)
Torai_Ishikawa (JPN)
Tormod Bjørnetun_Haugen (NOR)
Tsubasa_Hasegawa (JPN)
Urszula_Wlodarczyk (POL)
Valdimir_Shirokov (RUS)
Valentin_Anghel (USA)
Valeriia_Shipova (RUS)
Valeriia_Sorokoletova (RUS)
Vitaliy_Chshigolev (KAZ)
Vjatsjeslav_Sheremeta (KAZ)
Wannes_van_Preat (BEL)
Wenhao_Li (CHN)
Wenjing_Jin (CHN)
Wiktoria_Dabrowska (POL)
Won Hoon_Jang (KOR)
Xenia_Lourdes_Moldovan (ROU)
Xeniya_Yakovleva (KAZ)
Xia_Jiang (CHN)
Xiangyu_Chen (CHN)
Xiaohan_Sun (CHN)
Xiaoxuan_Shi (CHN)
Xifeng_Liu (CHN)
Xin_Jin (CHN)
Xin_Ma (CHN)
Xin_Sun (CHN)
Xin_Zhang (CHN)
Xin_Zhao (CHN)
Xingyu_Song (CHN)
Xinxuan_Ma (CHN)
Xinyue_Zou (CHN)
Xue_Lin (CHN)
Xuefeng_Gao (CHN)
Xuefeng_Li (CHN)
Xuefeng_Sun (CHN)
Xueqing_Zhao (CHN)
Yamato_Matsui (JPN)
Yan_Liu (CHN)
Yanan_Jin (CHN)
Yang_Gao (CHN)
Yang_Yang (CHN)
Yang_Yu (CHN)
Yanzhe_Li (CHN)
Yaolin_Zhang (CHN)
Ye Won_Nam (KOR)
Ye-Jin_Jun (KOR)
Yeongjun_Cho (KOR)
Yeonwoo_Jeong (KOR)
Yevgeney_Nazarenko (KAZ)
Yevgeny_Kazimirenko (BLR)
Yevgeny_Lalenkov (RUS)
Yichi_Liu (CHN)
Yimeng_Sun (CHN)
Yiming_Liu (CHN)
Yingying_Wang (CHN)
Yoonji_Kim (KOR)
Yota_Konno (JPN)
You-Lim_Kim (KOR)
Young Jin_Kim (KOR)
Young Yoon_Choi (KOR)
Young-Ho_Kim (KOR)
Yu-na_Jeong (KOR)
Yu-na_Onodera (JPN)
Yu_Wu (CHN)
Yudai_Yamamoto (JPN)
Yue_Cheng (CHN)
Yue_Zhang (CHN)
Yuhan_Ma (CHN)
Yuji_Kamijo (JPN)
Yuka_Abe (JPN)
Yuka_Takahashi (JPN)
Yukari_Watanabe (JPN)
Yuki_Matsuda (JPN)
Yukino_Yoshida (JPN)
Yulin_Huang (CHN)
Yuliya_Kozyreva (RUS)
Yuma_Murakami (JPN)
Yuri_Obara (JPN)
Yutong_Xu (CHN)
Yves_Vergeer (NED)
Yvonne_Nauta (NED)
Zdenek_Vašulka (CZE)
Ze_Liu (CHN)
Zehao_Liu (CHN)
Zengqiang_Chen (CHN)
Zhenlong_Cong (CHN)
Zhibo_Cui (CHN)
Zhiwen_Xue (CHN)
Zhongqi_Zhang (CHN)
Zoja_Onuskova (SVK)
Zul_Altan-Ochir (MGL)
